main.c:131:5:__io_putchar	24	static
main.c:137:5:__io_getchar	16	static
main.c:143:6:print_ip	40	static
main.c:172:6:collectionTask	56	static
main.c:275:6:HAL_UART_RxCpltCallback	16	static
main.c:303:6:Lora_Buf_Clear	8	static
main.c:311:6:Lora_Cmd_Send	16	static
main.c:315:6:Lora_Str_Find	16	static
main.c:319:6:Print_Lora_Buf	8	static
main.c:323:6:Lora_Confirm	16	static
main.c:339:6:Lora_INIT	16	static
main.c:355:6:Lora_Version	16	static
main.c:368:6:Lora_Config	144	static
main.c:411:6:Lora_Status	16	static
main.c:425:6:Lora_Join	16	static
main.c:441:6:Lora_Send	32	static
main.c:483:6:StartI2CTask	48	static
main.c:527:6:initLoRa	8	static
main.c:560:6:StartClientTask	40	static
main.c:648:6:startSendTask	152	static
main.c:699:5:main	48	static
main.c:774:6:SystemClock_Config	232	static
main.c:831:13:MX_ADC1_Init	24	static
main.c:878:13:MX_ADC2_Init	24	static
main.c:925:13:MX_ADC3_Init	24	static
main.c:972:13:MX_I2C1_Init	8	static
main.c:1015:13:MX_USART1_UART_Init	8	static
main.c:1048:13:MX_USART3_UART_Init	8	static
main.c:1081:13:MX_GPIO_Init	56	static
main.c:1185:6:StartDefaultTask	112	static
main.c:1241:6:HAL_TIM_PeriodElapsedCallback	16	static
main.c:1257:6:Error_Handler	4	static
