reent.h:153:14:_sbrk_r	24	static
heap_useNewlib.c:194:8:sbrk	16	static
malloc.h:136:13:__malloc_lock	32	static,ignoring_inline_asm
malloc.h:138:13:__malloc_unlock	16	static
heap_useNewlib.c:222:6:__env_lock	8	static
heap_useNewlib.c:223:6:__env_unlock	8	static
heap_useNewlib.c:232:9:__wrap_malloc	24	static
heap_useNewlib.c:241:9:__wrap__malloc_r	24	static
heap_useNewlib.c:256:7:pvPortMalloc	24	static
heap_useNewlib.c:260:6:vPortFree	16	static
heap_useNewlib.c:264:8:xPortGetFreeHeapSize	48	static
heap_useNewlib.c:273:6:vPortInitialiseBlocks	4	static
