main.c:187:5:__io_putchar	24	static
main.c:193:5:__io_getchar	16	static
main.c:199:6:reset	4	static
main.c:207:6:print_ip	40	static
main.c:228:14:lsb_to_ms2	24	static
main.c:234:6:collectionTask	72	static
main.c:459:6:HAL_UART_RxCpltCallback	16	static
main.c:487:6:Lora_Buf_Clear	8	static
main.c:495:6:Lora_Cmd_Send	16	static
main.c:499:6:Lora_Str_Find	16	static
main.c:503:6:Print_Lora_Buf	8	static
main.c:507:6:Lora_INIT	16	static
main.c:522:6:Lora_Config	152	static
main.c:607:6:Lora_Status	16	static
main.c:621:6:Lora_Join	16	static
main.c:637:6:Lora_Send	72	static
main.c:711:6:StartI2CTask	32	static
main.c:910:6:initLoRa	8	static
main.c:937:6:StartClientTask	40	static
main.c:1027:6:startUdpSendTask	72	static
main.c:1064:6:startLoRaSendTask	16	static
main.c:1083:6:startLedBlinkTask	16	static
main.c:1098:5:main	48	static
main.c:1178:6:SystemClock_Config	232	static
main.c:1235:13:MX_ADC1_Init	24	static
main.c:1282:13:MX_ADC2_Init	24	static
main.c:1329:13:MX_ADC3_Init	24	static
main.c:1376:13:MX_I2C1_Init	8	static
main.c:1419:13:MX_USART1_UART_Init	8	static
main.c:1452:13:MX_USART3_UART_Init	8	static
main.c:1485:13:MX_GPIO_Init	64	static
main.c:1579:6:HAL_GPIO_EXTI_Callback	16	static
main.c:1589:6:initTxType	16	static
main.c:1601:6:initDeviceId	16	static
main.c:1613:6:initDeviceEui	24	static
main.c:1629:10:initBma456	16	static
main.c:1753:6:StartDefaultTask	176	static
main.c:1879:6:HAL_TIM_PeriodElapsedCallback	16	static
main.c:1895:6:Error_Handler	4	static
