main.c:128:5:__io_putchar	24	static
main.c:134:5:__io_getchar	16	static
main.c:140:6:print_ip	40	static
main.c:161:6:AdcTask	32	static
main.c:179:6:HAL_UART_RxCpltCallback	16	static
main.c:207:6:Lora_Buf_Clear	8	static
main.c:213:6:Lora_Cmd_Send	16	static
main.c:217:6:Lora_Str_Find	16	static
main.c:221:6:Print_Lora_Buf	8	static
main.c:227:6:Lora_Confirm	16	static
main.c:243:6:Lora_INIT	16	static
main.c:262:6:Lora_Version	16	static
main.c:274:6:Lora_Config	144	static
main.c:304:6:Lora_Status	16	static
main.c:318:6:Lora_Join	16	static
main.c:334:6:Lora_Send	32	static
main.c:377:6:StartI2CTask	48	static
main.c:421:6:initLoRa	8	static
main.c:454:6:StartClientTask	40	static
main.c:543:6:startSendTask	152	static
main.c:592:5:main	48	static
main.c:666:6:SystemClock_Config	232	static
main.c:724:13:MX_ADC1_Init	24	static
main.c:771:13:MX_I2C2_Init	8	static
main.c:814:13:MX_USART2_UART_Init	8	static
main.c:847:13:MX_USART3_UART_Init	8	static
main.c:880:13:MX_USB_OTG_FS_PCD_Init	8	static
main.c:913:13:MX_GPIO_Init	56	static
main.c:990:6:StartDefaultTask	112	static
main.c:1046:6:HAL_TIM_PeriodElapsedCallback	16	static
main.c:1062:6:Error_Handler	4	static
