main.c:183:5:__io_putchar	24	static
main.c:189:5:__io_getchar	16	static
main.c:195:6:print_ip	40	static
main.c:216:14:lsb_to_ms2	24	static
main.c:222:6:collectionTask	72	static
main.c:447:6:HAL_UART_RxCpltCallback	16	static
main.c:475:6:Lora_Buf_Clear	8	static
main.c:483:6:Lora_Cmd_Send	16	static
main.c:487:6:Lora_Str_Find	16	static
main.c:491:6:Print_Lora_Buf	8	static
main.c:495:6:Lora_INIT	16	static
main.c:510:6:Lora_Config	152	static
main.c:595:6:Lora_Status	16	static
main.c:609:6:Lora_Join	16	static
main.c:625:6:Lora_Send	96	static
main.c:703:6:StartI2CTask	32	static
main.c:902:6:initLoRa	8	static
main.c:929:6:StartClientTask	40	static
main.c:1019:6:startUdpSendTask	96	static
main.c:1055:6:startLoRaSendTask	16	static
main.c:1074:6:startLedBlinkTask	16	static
main.c:1089:5:main	48	static
main.c:1169:6:SystemClock_Config	232	static
main.c:1226:13:MX_ADC1_Init	24	static
main.c:1273:13:MX_ADC2_Init	24	static
main.c:1320:13:MX_ADC3_Init	24	static
main.c:1367:13:MX_I2C1_Init	8	static
main.c:1410:13:MX_USART1_UART_Init	8	static
main.c:1443:13:MX_USART3_UART_Init	8	static
main.c:1476:13:MX_GPIO_Init	64	static
main.c:1570:6:HAL_GPIO_EXTI_Callback	16	static
main.c:1580:6:initTxType	16	static
main.c:1592:6:initDeviceId	16	static
main.c:1605:6:initDeviceEui	24	static
main.c:1621:10:initBma456	16	static
main.c:1745:6:StartDefaultTask	176	static
main.c:1866:6:HAL_TIM_PeriodElapsedCallback	16	static
main.c:1882:6:Error_Handler	4	static
