main.c:183:5:__io_putchar	24	static
main.c:189:5:__io_getchar	16	static
main.c:195:6:print_ip	40	static
main.c:216:14:lsb_to_ms2	24	static
main.c:222:6:collectionTask	72	static
main.c:445:6:HAL_UART_RxCpltCallback	16	static
main.c:473:6:Lora_Buf_Clear	8	static
main.c:481:6:Lora_Cmd_Send	16	static
main.c:485:6:Lora_Str_Find	16	static
main.c:489:6:Print_Lora_Buf	8	static
main.c:493:6:Lora_INIT	16	static
main.c:508:6:Lora_Config	152	static
main.c:593:6:Lora_Status	16	static
main.c:607:6:Lora_Join	16	static
main.c:623:6:Lora_Send	96	static
main.c:702:6:StartI2CTask	32	static
main.c:901:6:initLoRa	8	static
main.c:928:6:StartClientTask	40	static
main.c:1018:6:startUdpSendTask	96	static
main.c:1054:6:startLoRaSendTask	16	static
main.c:1073:6:startLedBlinkTask	16	static
main.c:1088:5:main	48	static
main.c:1168:6:SystemClock_Config	232	static
main.c:1225:13:MX_ADC1_Init	24	static
main.c:1272:13:MX_ADC2_Init	24	static
main.c:1319:13:MX_ADC3_Init	24	static
main.c:1366:13:MX_I2C1_Init	8	static
main.c:1409:13:MX_USART1_UART_Init	8	static
main.c:1442:13:MX_USART3_UART_Init	8	static
main.c:1475:13:MX_GPIO_Init	64	static
main.c:1569:6:HAL_GPIO_EXTI_Callback	16	static
main.c:1579:6:initTxType	16	static
main.c:1591:6:initDeviceId	16	static
main.c:1604:6:initDeviceEui	24	static
main.c:1620:10:initBma456	16	static
main.c:1744:6:StartDefaultTask	176	static
main.c:1865:6:HAL_TIM_PeriodElapsedCallback	16	static
main.c:1881:6:Error_Handler	4	static
