bma456.c:446:8:bma456_init	24	static
bma456.c:476:8:bma456_write_config_file	24	static
bma456.c:524:8:bma456_get_config_id	96	static
bma456.c:561:8:bma456_map_interrupt	24	static
bma456.c:595:8:bma456_read_int_status	24	static
bma456.c:622:8:bma456_feature_enable	88	static
bma456.c:664:8:bma456_set_remap_axes	96	static
bma456.c:708:8:bma456_get_remap_axes	88	static
bma456.c:746:8:bma456_set_any_mot_config	96	static
bma456.c:811:8:bma456_get_any_mot_config	96	static
bma456.c:871:8:bma456_set_no_mot_config	96	static
bma456.c:936:8:bma456_get_no_mot_config	96	static
bma456.c:995:8:bma456_step_detector_enable	88	static
bma456.c:1033:8:bma456_step_counter_set_watermark	96	static
bma456.c:1087:8:bma456_step_counter_get_watermark	96	static
bma456.c:1125:8:bma456_reset_step_counter	88	static
bma456.c:1161:8:bma456_step_counter_output	40	static
bma456.c:1203:8:bma456_activity_output	24	static
bma456.c:1236:8:bma456_stepcounter_get_parameter	96	static
bma456.c:1271:8:bma456_stepcounter_set_parameter	88	static
bma456.c:1308:8:bma456_single_tap_set_sensitivity	88	static
bma456.c:1343:8:bma456_double_tap_set_sensitivity	88	static
bma456.c:1378:8:bma456_single_tap_get_sensitivity	88	static
bma456.c:1411:8:bma456_double_tap_get_sensitivity	88	static
bma456.c:1449:15:feature_enable	32	static
bma456.c:1501:15:feature_disable	32	static
bma456.c:1553:13:update_stepcounter_parameter	24	static
bma456.c:1613:13:extract_stepcounter_parameter	16	static
