bma4.c:833:8:bma4_init	24	static
bma4.c:864:8:bma4_write_config_file	24	static
bma4.c:934:8:bma4_write_regs	40	static
bma4.c:1031:15:write_regs	40	static
bma4.c:1068:15:get_feature_config_start_addr	24	static
bma4.c:1095:15:set_feature_config_start_addr	24	static
bma4.c:1117:15:increment_feature_config_addr	24	static
bma4.c:1167:8:bma4_read_regs	40	static
bma4.c:1265:15:read_regs	48	dynamic
bma4.c:1307:8:bma4_get_error_status	24	static
bma4.c:1343:8:bma4_get_status	24	static
bma4.c:1367:8:bma4_read_accel_xyz	32	static
bma4.c:1416:8:bma4_get_sensor_time	24	static
bma4.c:1449:8:bma4_get_temperature	40	static
bma4.c:1496:8:bma4_get_accel_config	24	static
bma4.c:1534:8:bma4_set_accel_config	24	static
bma4.c:1586:15:validate_bandwidth_perfmode	24	static
bma4.c:1609:15:validate_odr	24	static
bma4.c:1626:8:bma4_set_advance_power_save	24	static
bma4.c:1652:8:bma4_get_advance_power_save	24	static
bma4.c:1674:8:bma4_set_fifo_self_wakeup	24	static
bma4.c:1697:8:bma4_get_fifo_self_wakeup	24	static
bma4.c:1721:8:bma4_set_accel_enable	24	static
bma4.c:1742:8:bma4_get_accel_enable	24	static
bma4.c:1765:8:bma4_set_mag_enable	24	static
bma4.c:1787:8:bma4_get_mag_enable	24	static
bma4.c:1810:8:bma4_get_spi_interface	24	static
bma4.c:1833:8:bma4_set_spi_interface	24	static
bma4.c:1860:8:bma4_set_command_register	24	static
bma4.c:1877:8:bma4_set_i2c_device_addr	24	static
bma4.c:1902:8:bma4_set_mag_manual_enable	24	static
bma4.c:1936:8:bma4_get_mag_manual_enable	24	static
bma4.c:1960:8:bma4_set_aux_if_mode	24	static
bma4.c:1982:8:bma4_get_mag_read_addr	24	static
bma4.c:2005:8:bma4_set_mag_read_addr	24	static
bma4.c:2023:8:bma4_get_mag_write_addr	24	static
bma4.c:2046:8:bma4_set_mag_write_addr	24	static
bma4.c:2063:8:bma4_get_mag_write_data	24	static
bma4.c:2086:8:bma4_set_mag_write_data	24	static
bma4.c:2103:8:bma4_read_mag_xyzr	32	static
bma4.c:2159:8:bma4_set_mag_burst	24	static
bma4.c:2181:8:bma4_get_mag_burst	24	static
bma4.c:2204:8:bma4_read_fifo_data	24	static
bma4.c:2243:8:bma4_extract_accel	40	static
bma4.c:2290:8:bma4_extract_mag	40	static
bma4.c:2336:8:bma4_get_fifo_wm	24	static
bma4.c:2360:8:bma4_set_fifo_wm	24	static
bma4.c:2392:8:bma4_get_accel_fifo_filter_data	24	static
bma4.c:2418:8:bma4_set_accel_fifo_filter_data	24	static
bma4.c:2447:8:bma4_get_fifo_down_accel	24	static
bma4.c:2470:8:bma4_set_fifo_down_accel	24	static
bma4.c:2493:8:bma4_get_fifo_length	24	static
bma4.c:2522:8:bma4_second_if_mag_compensate_xyz	32	static
bma4.c:2599:8:bma4_read_mag_xyz	32	static
bma4.c:2701:8:bma4_get_if_mode	24	static
bma4.c:2725:8:bma4_set_if_mode	24	static
bma4.c:2751:8:bma4_get_accel_data_rdy	24	static
bma4.c:2775:8:bma4_get_mag_data_rdy	24	static
bma4.c:2799:8:bma4_get_asic_status	24	static
bma4.c:2827:8:bma4_set_offset_comp	24	static
bma4.c:2849:8:bma4_get_offset_comp	24	static
bma4.c:2876:8:bma4_perform_accel_selftest	56	static
bma4.c:2946:15:get_accel_data_difference_and_validate	48	static
bma4.c:2974:8:bma4_selftest_config	24	static
bma4.c:3016:8:bma4_map_interrupt	24	static
bma4.c:3056:8:bma4_set_interrupt_mode	24	static
bma4.c:3076:8:bma4_get_interrupt_mode	24	static
bma4.c:3097:8:bma4_set_aux_mag_config	24	static
bma4.c:3126:8:bma4_get_aux_mag_config	24	static
bma4.c:3148:8:bma4_set_fifo_config	24	static
bma4.c:3193:8:bma4_get_fifo_config	24	static
bma4.c:3217:8:bma4_set_int_pin_config	32	static
bma4.c:3254:8:bma4_get_int_pin_config	32	static
bma4.c:3296:8:bma4_read_int_status	24	static
bma4.c:3319:8:bma4_read_int_status_0	24	static
bma4.c:3337:8:bma4_read_int_status_1	24	static
bma4.c:3356:8:bma4_aux_interface_init	24	static
bma4.c:3377:8:bma4_aux_read	32	static
bma4.c:3400:8:bma4_aux_write	32	static
bma4.c:3453:13:convert_lsb_g	32	static
bma4.c:3479:15:stream_transfer_write	32	static
bma4.c:3509:15:set_accel_selftest_enable	24	static
bma4.c:3533:15:set_accel_selftest_sign	24	static
bma4.c:3561:15:set_accel_selftest_amp	24	static
bma4.c:3590:15:set_accel_selftest_config	24	static
bma4.c:3614:13:reset_fifo_data_structure	16	static
bma4.c:3631:13:get_accel_len_to_parse	24	static
bma4.c:3661:13:check_empty_fifo	16	static
bma4.c:3678:13:extract_accel_header_mode	40	static
bma4.c:3763:13:unpack_acc_frm	24	static
bma4.c:3818:13:unpack_accel_data	32	static
bma4.c:3854:13:get_mag_len_to_parse	24	static
bma4.c:3884:15:extract_mag_header_mode	40	static
bma4.c:3970:15:unpack_mag_frm	32	static
bma4.c:4028:15:unpack_mag_data	40	static
bma4.c:4062:13:unpack_sensortime_frame	24	static
bma4.c:4090:13:unpack_skipped_frame	16	static
bma4.c:4108:13:unpack_dropped_frame	24	static
bma4.c:4148:13:move_next_frame	24	static
bma4.c:4164:15:validate_selftest	24	static
bma4.c:4244:16:power	24	static
bma4.c:4261:15:set_aux_interface_config	24	static
bma4.c:4313:15:extract_aux_data	48	static
bma4.c:4400:15:map_read_len	24	static
bma4.c:4428:15:null_pointer_check	24	static
bma4.c:4446:8:bma4_soft_reset	24	static
bma4.c:4465:8:bma4_perform_accel_foc	32	static
bma4.c:4539:15:verify_foc_position	56	static
bma4.c:4578:15:get_average_of_sensor_data	40	static
bma4.c:4637:15:validate_foc_position	32	static
bma4.c:4667:15:validate_foc_accel_axis	32	static
bma4.c:4740:15:save_accel_foc_config	32	static
bma4.c:4777:15:set_accel_foc_config	24	static
bma4.c:4814:15:set_bma4_accel_offset_comp	24	static
bma4.c:4840:15:perform_accel_foc	832	static
bma4.c:4952:13:map_accel_range	16	static
bma4.c:4977:13:comp_for_gravity	32	static
bma4.c:4998:13:scale_bma4_accel_offset	40	static
bma4.c:5029:13:invert_bma4_accel_offset	16	static
bma4.c:5040:15:write_bma4_accel_offset	24	static
bma4.c:5067:15:get_bit_pos_3_9mg	32	static
bma4.c:5102:15:restore_accel_foc_config	32	static
